[khushinahata04.wixsite.com/fashion-blogger.html]
[static.parastorage.com/unpkg/core-js-bundle@3.2.1/minified.js]
[static.parastorage.com/unpkg/focus-within-polyfill@5.0.9/dist/focus-within-polyfill.js]
[backblue.gif]
[fade.gif]
[index.html]
[polyfill.io/v3/polyfill.mind82c.js]
[khushinahata04.wixsite.com/fashion-blogger/blog-feed.xml]
[khushinahata04.wixsite.com/index.html]
[khushinahata04.wixsite.com/fashion-blogger/blank-1.html]
[khushinahata04.wixsite.com/fashion-blogger/blank-2.html]
[khushinahata04.wixsite.com/fashion-blogger/category/all-products.html]
[static.wixstatic.com/media/11062b_7878ca8fe5ca402d9fb634b9bf030b23_mv2.jpg/v1/fill/w_147,h_98,al_c,q_80,usm_0.66_1.00_0.01,blur_2,enc_auto/11062b_7878ca8fe5ca402d9fb634b9bf030b23_mv2.jpg]
[khushinahata04.wixsite.com/fashion-blogger/blog.html]
[static.wixstatic.com/media/78d045_634fe225a107441ca6a9ddfc58bd28f9_mv2.jpg/v1/fill/w_250,h_250,fp_0.50_0.50,q_30,blur_30,enc_auto/78d045_634fe225a107441ca6a9ddfc58bd28f9_mv2.jpg]
[static.wixstatic.com/media/78d045_634fe225a107441ca6a9ddfc58bd28f9_mv2.jpg/v1/fill/w_454,h_341,fp_0.50_0.50,q_90,enc_auto/78d045_634fe225a107441ca6a9ddfc58bd28f9_mv2.jpg]
[static.wixstatic.com/media/78d045_bd3b500c853c4af4a99079daf3ac4a2a_mv2.jpg/v1/fill/w_250,h_250,fp_0.50_0.50,q_30,blur_30,enc_auto/78d045_bd3b500c853c4af4a99079daf3ac4a2a_mv2.jpg]
[static.wixstatic.com/media/78d045_bd3b500c853c4af4a99079daf3ac4a2a_mv2.jpg/v1/fill/w_454,h_341,fp_0.50_0.50,q_90,enc_auto/78d045_bd3b500c853c4af4a99079daf3ac4a2a_mv2.jpg]
[khushinahata04.wixsite.com/fashion-blogger/post/template-how-to-write-a-tips-blog-post.html]
[static.wixstatic.com/media/e2f969_80d292efd191464ca0be9ad9839038ca_mv2.png/v1/fill/w_454,h_341,fp_0.50_0.50,q_95,enc_auto/e2f969_80d292efd191464ca0be9ad9839038ca_mv2.png]
[static.wixstatic.com/media/bfbd057160194cd0aa061722340e8292.jpg/v1/fill/w_115,h_76,al_c,q_80,usm_0.66_1.00_0.01,blur_2,enc_auto/Woman Walking with Blue Shoes.jpg]
[browser.sentry-cdn.com/6.18.2/bundle.min.js]
[khushinahata04.wixsite.com/fashion-blogger/post/your-title-what-s-your-blog-about.html]
[khushinahata04.wixsite.com/sitemap.14.delayed]
[khushinahata04.wixsite.com/fashion-blogger/post/fashion-and-culture-how-clothes-reflect-our-values.html]
[khushinahata04.wixsite.com/feed.15.delayed]
[khushinahata04.wixsite.com/${n.16.delayed]
[static.parastorage.com/services/wix-thunderbolt/dist/thunderbolt-commons.e111703b.bundle.min.js]
[static.parastorage.com/services/wix-thunderbolt/dist/main.4ec3a737.bundle.min.js]
[static.parastorage.com/unpkg/lodash@4.17.21/lodash.min.js]
[static.parastorage.com/unpkg/react@16.14.0/umd/react.production.min.js]
[static.parastorage.com/unpkg/react-dom@16.14.0/umd/react-dom.production.min.js]
[khushinahata04.wixsite.com/decodeURIComponent(e.1c.delayed]
[static.parastorage.com/services/tag-manager-client/1.705.0/siteTags.bundle.min.js]
[khushinahata04.wixsite.com/fashion-blogger.html]
[khushinahata04.wixsite.com/index.html]
[static.parastorage.com/services/wix-perf-measure/1.1058.0/wix-perf-measure.umd.min.js]
[khushinahata04.wixsite.com/fashion-blogger/robots.1f.delayed]
[khushinahata04.wixsite.com/fashion-blogger/sitemap.xml]
[khushinahata04.wixsite.com/fashion-blogger/feed.21.delayed]
[khushinahata04.wixsite.com/fashion-blogger/${n.22.delayed]
[khushinahata04.wixsite.com/fashion-blogger/decodeURIComponent(e.23.delayed]
[khushinahata04.wixsite.com/fashion-blogger/blank-1.html]
[static.parastorage.com/services/editor-elements-library/dist/thunderbolt/media/sloppyframe.d2412ec4.png]
[khushinahata04.wixsite.com/fashion-blogger/blank-2.html]
[static.wixstatic.com/media/22e53e_ef2ebbf33af24b7fba34e44589f3dc38_mv2.jpg/v1/fill/w_147,h_107,al_c,q_80,usm_0.66_1.00_0.01,blur_2,enc_auto/22e53e_ef2ebbf33af24b7fba34e44589f3dc38_mv2.jpg]
[static.wixstatic.com/media/22e53e_2fee033b2eca46cab4eec7fa74e99c31_mv2.jpg/v1/fill/w_147,h_147,al_c,q_80,usm_0.66_1.00_0.01,blur_2,enc_auto/22e53e_2fee033b2eca46cab4eec7fa74e99c31_mv2.jpg]
[static.wixstatic.com/media/22e53e_422c96a46cfd4873b36279bc94bf5bd4_mv2.jpg/v1/fill/w_147,h_147,al_c,q_80,usm_0.66_1.00_0.01,blur_2,enc_auto/22e53e_422c96a46cfd4873b36279bc94bf5bd4_mv2.jpg]
[khushinahata04.wixsite.com/fashion-blogger/product-page/i-m-a-product.html]
[static.wixstatic.com/media/22e53e_efc1552d8050407f82ea158302d0debd_mv2.jpg/v1/fill/w_147,h_147,al_c,q_80,usm_0.66_1.00_0.01,blur_2,enc_auto/22e53e_efc1552d8050407f82ea158302d0debd_mv2.jpg]
[static.wixstatic.com/media/22e53e_facaef011f164e1fb98efad96d8bc5ca_mv2.jpg/v1/fill/w_147,h_147,al_c,q_80,usm_0.66_1.00_0.01,blur_2,enc_auto/22e53e_facaef011f164e1fb98efad96d8bc5ca_mv2.jpg]
[khushinahata04.wixsite.com/fashion-blogger/product-page/i-m-a-product-1.html]
[static.wixstatic.com/media/22e53e_6818890490334e429d78876ba5f757ce_mv2.jpg/v1/fill/w_147,h_147,al_c,q_80,usm_0.66_1.00_0.01,blur_2,enc_auto/22e53e_6818890490334e429d78876ba5f757ce_mv2.jpg]
[static.wixstatic.com/media/22e53e_76457cb2289949808e94bb1627b485f1_mv2.jpg/v1/fill/w_147,h_147,al_c,q_80,usm_0.66_1.00_0.01,blur_2,enc_auto/22e53e_76457cb2289949808e94bb1627b485f1_mv2.jpg]
[static.wixstatic.com/media/22e53e_01575d792adb43a6a16595bd74a1cc8d_mv2.jpg/v1/fill/w_147,h_147,al_c,q_80,usm_0.66_1.00_0.01,blur_2,enc_auto/22e53e_01575d792adb43a6a16595bd74a1cc8d_mv2.jpg]
[static.wixstatic.com/media/22e53e_dc9ea8282a4944edab558992753a6d72_mv2.jpg/v1/fill/w_147,h_147,al_c,q_80,usm_0.66_1.00_0.01,blur_2,enc_auto/22e53e_dc9ea8282a4944edab558992753a6d72_mv2.jpg]
[khushinahata04.wixsite.com/fashion-blogger/product-page/i-m-a-product-2.html]
[khushinahata04.wixsite.com/fashion-blogger/product-page/i-m-a-product-3.html]
[static.wixstatic.com/media/22e53e_e1b7b337b97b4dd3bb9ed68e2598dc61_mv2.jpg/v1/fill/w_147,h_147,al_c,q_80,usm_0.66_1.00_0.01,blur_2,enc_auto/22e53e_e1b7b337b97b4dd3bb9ed68e2598dc61_mv2.jpg]
[static.wixstatic.com/media/22e53e_ec22d9d4c6044e1eb996b4c86dd6af2b_mv2.jpg/v1/fill/w_147,h_147,al_c,q_80,usm_0.66_1.00_0.01,blur_2,enc_auto/22e53e_ec22d9d4c6044e1eb996b4c86dd6af2b_mv2.jpg]
[khushinahata04.wixsite.com/fashion-blogger/product-page/i-m-a-product-4.html]
[static.wixstatic.com/media/22e53e_b53f9a53db034e178a3f2d794ae70f1c_mv2.jpg/v1/fill/w_147,h_147,al_c,q_80,usm_0.66_1.00_0.01,blur_2,enc_auto/22e53e_b53f9a53db034e178a3f2d794ae70f1c_mv2.jpg]
[static.wixstatic.com/media/22e53e_6d297acebd3b4b2890f1a0e92b8a7158_mv2.jpg/v1/fill/w_147,h_147,al_c,q_80,usm_0.66_1.00_0.01,blur_2,enc_auto/22e53e_6d297acebd3b4b2890f1a0e92b8a7158_mv2.jpg]
[khushinahata04.wixsite.com/fashion-blogger/product-page/i-m-a-product-5.html]
[static.wixstatic.com/media/22e53e_4f99aa57e6a04e6dbcdbfe474fc1654f_mv2.jpg/v1/fill/w_147,h_147,al_c,q_80,usm_0.66_1.00_0.01,blur_2,enc_auto/22e53e_4f99aa57e6a04e6dbcdbfe474fc1654f_mv2.jpg]
[static.wixstatic.com/media/22e53e_58f292496eec45eea41b21308739ae1c_mv2.jpg/v1/fill/w_147,h_147,al_c,q_80,usm_0.66_1.00_0.01,blur_2,enc_auto/22e53e_58f292496eec45eea41b21308739ae1c_mv2.jpg]
[khushinahata04.wixsite.com/fashion-blogger/product-page/i-m-a-product-6.html]
[static.wixstatic.com/media/22e53e_7066c7318bb34be38d3a4f2e3a256021_mv2.jpg/v1/fill/w_147,h_147,al_c,q_80,usm_0.66_1.00_0.01,blur_2,enc_auto/22e53e_7066c7318bb34be38d3a4f2e3a256021_mv2.jpg]
[static.wixstatic.com/media/22e53e_f2d6c005d04646fd8bed4cffbca35c1e_mv2.jpg/v1/fill/w_147,h_147,al_c,q_80,usm_0.66_1.00_0.01,blur_2,enc_auto/22e53e_f2d6c005d04646fd8bed4cffbca35c1e_mv2.jpg]
[khushinahata04.wixsite.com/fashion-blogger/product-page/i-m-a-product-7.html]
[static.wixstatic.com/media/22e53e_1ede4ec9bbed46e4bad5859763fb4176_mv2.jpg/v1/fill/w_147,h_147,al_c,q_80,usm_0.66_1.00_0.01,blur_2,enc_auto/22e53e_1ede4ec9bbed46e4bad5859763fb4176_mv2.jpg]
[static.wixstatic.com/media/22e53e_a5d9116384fb4659918c011a75175f77_mv2.jpg/v1/fill/w_147,h_147,al_c,q_80,usm_0.66_1.00_0.01,blur_2,enc_auto/22e53e_a5d9116384fb4659918c011a75175f77_mv2.jpg]
[khushinahata04.wixsite.com/fashion-blogger/product-page/i-m-a-product-8.html]
[static.wixstatic.com/media/22e53e_1addd1e1b4c64c9abd47dbc5f36d4b01_mv2.jpg/v1/fill/w_147,h_147,al_c,q_80,usm_0.66_1.00_0.01,blur_2,enc_auto/22e53e_1addd1e1b4c64c9abd47dbc5f36d4b01_mv2.jpg]
[static.wixstatic.com/media/22e53e_fcd691909a3742938a8cfa05c1cd2b0a_mv2.jpg/v1/fill/w_147,h_147,al_c,q_80,usm_0.66_1.00_0.01,blur_2,enc_auto/22e53e_fcd691909a3742938a8cfa05c1cd2b0a_mv2.jpg]
[static.wixstatic.com/media/22e53e_4a271c0887d34ec6be04a8f3c870b869_mv2.jpg/v1/fill/w_147,h_147,al_c,q_80,usm_0.66_1.00_0.01,blur_2,enc_auto/22e53e_4a271c0887d34ec6be04a8f3c870b869_mv2.jpg]
[khushinahata04.wixsite.com/fashion-blogger/product-page/i-m-a-product-9.html]
[static.wixstatic.com/media/22e53e_924a086d18674cf281197d72d47207c1_mv2.jpg/v1/fill/w_147,h_147,al_c,q_80,usm_0.66_1.00_0.01,blur_2,enc_auto/22e53e_924a086d18674cf281197d72d47207c1_mv2.jpg]
[khushinahata04.wixsite.com/fashion-blogger/product-page/i-m-a-product-10.html]
[static.wixstatic.com/media/22e53e_8adb0d7018b047e0a998acf987fd3fd6_mv2.jpg/v1/fill/w_147,h_147,al_c,q_80,usm_0.66_1.00_0.01,blur_2,enc_auto/22e53e_8adb0d7018b047e0a998acf987fd3fd6_mv2.jpg]
[static.wixstatic.com/media/22e53e_4092f4f0f4d844afaed1cfde3069a6da_mv2.jpg/v1/fill/w_147,h_147,al_c,q_80,usm_0.66_1.00_0.01,blur_2,enc_auto/22e53e_4092f4f0f4d844afaed1cfde3069a6da_mv2.jpg]
[khushinahata04.wixsite.com/fashion-blogger/product-page/i-m-a-product-11.html]
[khushinahata04.wixsite.com/fashion-blogger/category/sitemap.4b.delayed]
[khushinahata04.wixsite.com/fashion-blogger/category/robots.html]
[khushinahata04.wixsite.com/fashion-blogger/category/feed.4c.delayed]
[khushinahata04.wixsite.com/fashion-blogger/category/${n.html]
[khushinahata04.wixsite.com/fashion-blogger/category/all-products.html]
[khushinahata04.wixsite.com/fashion-blogger/category/decodeURIComponent(e.html]
[static.parastorage.com/services/communities-blog-ooi/1.856.0/client-viewer/5938.chunk.min.js]
[static.parastorage.com/services/communities-blog-ooi/1.856.0/client-viewer/post-list-pro-gallery.chunk.min.js]
[khushinahata04.wixsite.com/fashion-blogger/blog.html]
[static.parastorage.com/services/communities-blog-ooi/1.856.0/client-viewer/4637.chunk.min.js]
[static.parastorage.com/services/communities-blog-ooi/1.856.0/client-viewer/9742.chunk.min.js]
[static.parastorage.com/services/communities-blog-ooi/1.856.0/client-viewer/image-viewer.chunk.min.js]
[static.wixstatic.com/media/e2f969_36d3d5ef66f74b7482a1b2ae51befaff_mv2.png/v1/fill/w_63,h_42,al_c,q_85,usm_0.66_1.00_0.01,blur_2,enc_auto/e2f969_36d3d5ef66f74b7482a1b2ae51befaff_mv2.png]
[khushinahata04.wixsite.com/fashion-blogger/post/sitemap.56.delayed]
[khushinahata04.wixsite.com/fashion-blogger/post/robots.html]
[khushinahata04.wixsite.com/fashion-blogger/post/feed.57.delayed]
[khushinahata04.wixsite.com/fashion-blogger/post/template-how-to-write-a-tips-blog-post.html]
[khushinahata04.wixsite.com/fashion-blogger/post/decodeURIComponent(e.html]
[khushinahata04.wixsite.com/fashion-blogger/post/${n.html]
[static.wixstatic.com/media/e2f969_f2295a930d4e467c943000504a455b99_mv2.png/v1/fill/w_63,h_42,al_c,q_85,usm_0.66_1.00_0.01,blur_2,enc_auto/e2f969_f2295a930d4e467c943000504a455b99_mv2.png]
[khushinahata04.wixsite.com/fashion-blogger/post/your-title-what-s-your-blog-about.html]
[khushinahata04.wixsite.com/fashion-blogger/blog/hashtags/VersatileElegance.html]
[khushinahata04.wixsite.com/fashion-blogger/blog/hashtags/WhiteDressPerfection.html]
[khushinahata04.wixsite.com/fashion-blogger/blog/hashtags/EffortlessStyle.html]
[khushinahata04.wixsite.com/fashion-blogger/blog/hashtags/DressItUpOrDown.html]
[khushinahata04.wixsite.com/fashion-blogger/blog/hashtags/FashionFreedom.html]
[khushinahata04.wixsite.com/fashion-blogger/blog/hashtags/ChicSimplicity.html]
[static.wixstatic.com/media/e2f969_80d292efd191464ca0be9ad9839038ca_mv2.png/v1/fill/w_63,h_47,al_c,q_85,usm_0.66_1.00_0.01,blur_2,enc_auto/e2f969_80d292efd191464ca0be9ad9839038ca_mv2.png]
[static.wixstatic.com/media/e2f969_fcfb2fe3e97c4981933cebb9fe592c38_mv2.png/v1/fill/w_104,h_157,al_c,q_85,usm_0.66_1.00_0.01,blur_2,enc_auto/e2f969_fcfb2fe3e97c4981933cebb9fe592c38_mv2.png]
[khushinahata04.wixsite.com/fashion-blogger/post/fashion-and-culture-how-clothes-reflect-our-values.html]
[khushinahata04.wixsite.com/sitemap.html]
[khushinahata04.wixsite.com/feed.html]
[khushinahata04.wixsite.com/${n.html]
[khushinahata04.wixsite.com/decodeURIComponent(e.html]
[khushinahata04.wixsite.com/fashion-blogger/robots.html]
[khushinahata04.wixsite.com/fashion-blogger/feed.html]
[khushinahata04.wixsite.com/fashion-blogger/${n.html]
[khushinahata04.wixsite.com/fashion-blogger/decodeURIComponent(e.html]
[khushinahata04.wixsite.com/fashion-blogger/blog/hashtags/StylishVersatility.html]
[static.wixstatic.com/media/22e53e_2fee033b2eca46cab4eec7fa74e99c31_mv2.jpg/v1/fill/w_996,h_996,al_c,q_85,usm_0.66_1.00_0.01/22e53e_2fee033b2eca46cab4eec7fa74e99c31_mv2.jpg]
[static.wixstatic.com/media/22e53e_422c96a46cfd4873b36279bc94bf5bd4_mv2.jpg/v1/fill/w_996,h_996,al_c,q_85,usm_0.66_1.00_0.01/22e53e_422c96a46cfd4873b36279bc94bf5bd4_mv2.jpg]
[khushinahata04.wixsite.com/fashion-blogger/blank.html]
[static.wixstatic.com/media/22e53e_2fee033b2eca46cab4eec7fa74e99c31_mv2.jpg/v1/fill/w_45,h_45,al_c,q_50,usm_0.66_1.00_0.01/22e53e_2fee033b2eca46cab4eec7fa74e99c31_mv2.jpg]
[static.wixstatic.com/media/22e53e_422c96a46cfd4873b36279bc94bf5bd4_mv2.jpg/v1/fill/w_45,h_45,al_c,q_50,usm_0.66_1.00_0.01/22e53e_422c96a46cfd4873b36279bc94bf5bd4_mv2.jpg]
[khushinahata04.wixsite.com/fashion-blogger/product-page/robots.html]
[khushinahata04.wixsite.com/fashion-blogger/product-page/sitemap.6a.delayed]
[khushinahata04.wixsite.com/fashion-blogger/product-page/feed.6b.delayed]
[khushinahata04.wixsite.com/fashion-blogger/product-page/i-m-a-product.html]
[khushinahata04.wixsite.com/fashion-blogger/product-page/${n.html]
[static.wixstatic.com/media/22e53e_efc1552d8050407f82ea158302d0debd_mv2.jpg/v1/fill/w_996,h_996,al_c,q_85,usm_0.66_1.00_0.01/22e53e_efc1552d8050407f82ea158302d0debd_mv2.jpg]
[khushinahata04.wixsite.com/fashion-blogger/product-page/decodeURIComponent(e.html]
[static.wixstatic.com/media/22e53e_facaef011f164e1fb98efad96d8bc5ca_mv2.jpg/v1/fill/w_996,h_996,al_c,q_85,usm_0.66_1.00_0.01/22e53e_facaef011f164e1fb98efad96d8bc5ca_mv2.jpg]
[static.wixstatic.com/media/22e53e_c9bafb2ad1424aff97c33ef56eaca801_mv2.jpg/v1/fill/w_996,h_996,al_c,q_85,usm_0.66_1.00_0.01/22e53e_c9bafb2ad1424aff97c33ef56eaca801_mv2.jpg]
[static.wixstatic.com/media/22e53e_efc1552d8050407f82ea158302d0debd_mv2.jpg/v1/fill/w_45,h_45,al_c,q_50,usm_0.66_1.00_0.01/22e53e_efc1552d8050407f82ea158302d0debd_mv2.jpg]
[static.wixstatic.com/media/22e53e_facaef011f164e1fb98efad96d8bc5ca_mv2.jpg/v1/fill/w_45,h_45,al_c,q_50,usm_0.66_1.00_0.01/22e53e_facaef011f164e1fb98efad96d8bc5ca_mv2.jpg]
[static.wixstatic.com/media/22e53e_c9bafb2ad1424aff97c33ef56eaca801_mv2.jpg/v1/fill/w_45,h_45,al_c,q_50,usm_0.66_1.00_0.01/22e53e_c9bafb2ad1424aff97c33ef56eaca801_mv2.jpg]
[khushinahata04.wixsite.com/fashion-blogger/product-page/i-m-a-product-1.html]
[static.wixstatic.com/media/22e53e_6818890490334e429d78876ba5f757ce_mv2.jpg/v1/fill/w_996,h_996,al_c,q_85,usm_0.66_1.00_0.01/22e53e_6818890490334e429d78876ba5f757ce_mv2.jpg]
[static.wixstatic.com/media/22e53e_76457cb2289949808e94bb1627b485f1_mv2.jpg/v1/fill/w_996,h_996,al_c,q_85,usm_0.66_1.00_0.01/22e53e_76457cb2289949808e94bb1627b485f1_mv2.jpg]
[static.wixstatic.com/media/22e53e_6818890490334e429d78876ba5f757ce_mv2.jpg/v1/fill/w_45,h_45,al_c,q_50,usm_0.66_1.00_0.01/22e53e_6818890490334e429d78876ba5f757ce_mv2.jpg]
[static.wixstatic.com/media/22e53e_76457cb2289949808e94bb1627b485f1_mv2.jpg/v1/fill/w_45,h_45,al_c,q_50,usm_0.66_1.00_0.01/22e53e_76457cb2289949808e94bb1627b485f1_mv2.jpg]
[khushinahata04.wixsite.com/fashion-blogger/product-page/i-m-a-product-2.html]
[static.wixstatic.com/media/22e53e_01575d792adb43a6a16595bd74a1cc8d_mv2.jpg/v1/fill/w_996,h_996,al_c,q_85,usm_0.66_1.00_0.01/22e53e_01575d792adb43a6a16595bd74a1cc8d_mv2.jpg]
[static.wixstatic.com/media/22e53e_dc9ea8282a4944edab558992753a6d72_mv2.jpg/v1/fill/w_996,h_996,al_c,q_85,usm_0.66_1.00_0.01/22e53e_dc9ea8282a4944edab558992753a6d72_mv2.jpg]
[static.wixstatic.com/media/22e53e_01575d792adb43a6a16595bd74a1cc8d_mv2.jpg/v1/fill/w_45,h_45,al_c,q_50,usm_0.66_1.00_0.01/22e53e_01575d792adb43a6a16595bd74a1cc8d_mv2.jpg]
[static.wixstatic.com/media/22e53e_dc9ea8282a4944edab558992753a6d72_mv2.jpg/v1/fill/w_45,h_45,al_c,q_50,usm_0.66_1.00_0.01/22e53e_dc9ea8282a4944edab558992753a6d72_mv2.jpg]
[khushinahata04.wixsite.com/fashion-blogger/product-page/i-m-a-product-3.html]
[static.wixstatic.com/media/22e53e_e1b7b337b97b4dd3bb9ed68e2598dc61_mv2.jpg/v1/fill/w_996,h_996,al_c,q_85,usm_0.66_1.00_0.01/22e53e_e1b7b337b97b4dd3bb9ed68e2598dc61_mv2.jpg]
[static.wixstatic.com/media/22e53e_ec22d9d4c6044e1eb996b4c86dd6af2b_mv2.jpg/v1/fill/w_996,h_996,al_c,q_85,usm_0.66_1.00_0.01/22e53e_ec22d9d4c6044e1eb996b4c86dd6af2b_mv2.jpg]
[static.wixstatic.com/media/22e53e_e1b7b337b97b4dd3bb9ed68e2598dc61_mv2.jpg/v1/fill/w_45,h_45,al_c,q_50,usm_0.66_1.00_0.01/22e53e_e1b7b337b97b4dd3bb9ed68e2598dc61_mv2.jpg]
[static.wixstatic.com/media/22e53e_ec22d9d4c6044e1eb996b4c86dd6af2b_mv2.jpg/v1/fill/w_45,h_45,al_c,q_50,usm_0.66_1.00_0.01/22e53e_ec22d9d4c6044e1eb996b4c86dd6af2b_mv2.jpg]
[khushinahata04.wixsite.com/fashion-blogger/product-page/i-m-a-product-4.html]
[static.wixstatic.com/media/22e53e_b53f9a53db034e178a3f2d794ae70f1c_mv2.jpg/v1/fill/w_996,h_996,al_c,q_85,usm_0.66_1.00_0.01/22e53e_b53f9a53db034e178a3f2d794ae70f1c_mv2.jpg]
[static.wixstatic.com/media/22e53e_6d297acebd3b4b2890f1a0e92b8a7158_mv2.jpg/v1/fill/w_996,h_996,al_c,q_85,usm_0.66_1.00_0.01/22e53e_6d297acebd3b4b2890f1a0e92b8a7158_mv2.jpg]
[static.wixstatic.com/media/22e53e_b53f9a53db034e178a3f2d794ae70f1c_mv2.jpg/v1/fill/w_45,h_45,al_c,q_50,usm_0.66_1.00_0.01/22e53e_b53f9a53db034e178a3f2d794ae70f1c_mv2.jpg]
[static.wixstatic.com/media/22e53e_6d297acebd3b4b2890f1a0e92b8a7158_mv2.jpg/v1/fill/w_45,h_45,al_c,q_50,usm_0.66_1.00_0.01/22e53e_6d297acebd3b4b2890f1a0e92b8a7158_mv2.jpg]
[khushinahata04.wixsite.com/fashion-blogger/product-page/i-m-a-product-5.html]
[static.wixstatic.com/media/22e53e_4f99aa57e6a04e6dbcdbfe474fc1654f_mv2.jpg/v1/fill/w_996,h_996,al_c,q_85,usm_0.66_1.00_0.01/22e53e_4f99aa57e6a04e6dbcdbfe474fc1654f_mv2.jpg]
[static.wixstatic.com/media/22e53e_58f292496eec45eea41b21308739ae1c_mv2.jpg/v1/fill/w_996,h_996,al_c,q_85,usm_0.66_1.00_0.01/22e53e_58f292496eec45eea41b21308739ae1c_mv2.jpg]
[static.wixstatic.com/media/22e53e_4f99aa57e6a04e6dbcdbfe474fc1654f_mv2.jpg/v1/fill/w_45,h_45,al_c,q_50,usm_0.66_1.00_0.01/22e53e_4f99aa57e6a04e6dbcdbfe474fc1654f_mv2.jpg]
[static.wixstatic.com/media/22e53e_58f292496eec45eea41b21308739ae1c_mv2.jpg/v1/fill/w_45,h_45,al_c,q_50,usm_0.66_1.00_0.01/22e53e_58f292496eec45eea41b21308739ae1c_mv2.jpg]
[khushinahata04.wixsite.com/fashion-blogger/product-page/i-m-a-product-6.html]
[static.wixstatic.com/media/22e53e_7066c7318bb34be38d3a4f2e3a256021_mv2.jpg/v1/fill/w_996,h_996,al_c,q_85,usm_0.66_1.00_0.01/22e53e_7066c7318bb34be38d3a4f2e3a256021_mv2.jpg]
[static.wixstatic.com/media/22e53e_f2d6c005d04646fd8bed4cffbca35c1e_mv2.jpg/v1/fill/w_996,h_996,al_c,q_85,usm_0.66_1.00_0.01/22e53e_f2d6c005d04646fd8bed4cffbca35c1e_mv2.jpg]
[static.wixstatic.com/media/22e53e_7066c7318bb34be38d3a4f2e3a256021_mv2.jpg/v1/fill/w_45,h_45,al_c,q_50,usm_0.66_1.00_0.01/22e53e_7066c7318bb34be38d3a4f2e3a256021_mv2.jpg]
[static.wixstatic.com/media/22e53e_f2d6c005d04646fd8bed4cffbca35c1e_mv2.jpg/v1/fill/w_45,h_45,al_c,q_50,usm_0.66_1.00_0.01/22e53e_f2d6c005d04646fd8bed4cffbca35c1e_mv2.jpg]
[khushinahata04.wixsite.com/fashion-blogger/product-page/i-m-a-product-7.html]
[static.wixstatic.com/media/22e53e_1ede4ec9bbed46e4bad5859763fb4176_mv2.jpg/v1/fill/w_996,h_996,al_c,q_85,usm_0.66_1.00_0.01/22e53e_1ede4ec9bbed46e4bad5859763fb4176_mv2.jpg]
[static.wixstatic.com/media/22e53e_a5d9116384fb4659918c011a75175f77_mv2.jpg/v1/fill/w_996,h_996,al_c,q_85,usm_0.66_1.00_0.01/22e53e_a5d9116384fb4659918c011a75175f77_mv2.jpg]
[static.wixstatic.com/media/22e53e_1ede4ec9bbed46e4bad5859763fb4176_mv2.jpg/v1/fill/w_45,h_45,al_c,q_50,usm_0.66_1.00_0.01/22e53e_1ede4ec9bbed46e4bad5859763fb4176_mv2.jpg]
[static.wixstatic.com/media/22e53e_a5d9116384fb4659918c011a75175f77_mv2.jpg/v1/fill/w_45,h_45,al_c,q_50,usm_0.66_1.00_0.01/22e53e_a5d9116384fb4659918c011a75175f77_mv2.jpg]
[khushinahata04.wixsite.com/fashion-blogger/product-page/i-m-a-product-8.html]
[static.wixstatic.com/media/22e53e_1addd1e1b4c64c9abd47dbc5f36d4b01_mv2.jpg/v1/fill/w_996,h_996,al_c,q_85,usm_0.66_1.00_0.01/22e53e_1addd1e1b4c64c9abd47dbc5f36d4b01_mv2.jpg]
[static.wixstatic.com/media/22e53e_fcd691909a3742938a8cfa05c1cd2b0a_mv2.jpg/v1/fill/w_996,h_996,al_c,q_85,usm_0.66_1.00_0.01/22e53e_fcd691909a3742938a8cfa05c1cd2b0a_mv2.jpg]
[static.wixstatic.com/media/22e53e_1addd1e1b4c64c9abd47dbc5f36d4b01_mv2.jpg/v1/fill/w_45,h_45,al_c,q_50,usm_0.66_1.00_0.01/22e53e_1addd1e1b4c64c9abd47dbc5f36d4b01_mv2.jpg]
[static.wixstatic.com/media/22e53e_fcd691909a3742938a8cfa05c1cd2b0a_mv2.jpg/v1/fill/w_45,h_45,al_c,q_50,usm_0.66_1.00_0.01/22e53e_fcd691909a3742938a8cfa05c1cd2b0a_mv2.jpg]
[khushinahata04.wixsite.com/fashion-blogger/product-page/i-m-a-product-9.html]
[static.wixstatic.com/media/22e53e_4a271c0887d34ec6be04a8f3c870b869_mv2.jpg/v1/fill/w_996,h_996,al_c,q_85,usm_0.66_1.00_0.01/22e53e_4a271c0887d34ec6be04a8f3c870b869_mv2.jpg]
[static.wixstatic.com/media/22e53e_924a086d18674cf281197d72d47207c1_mv2.jpg/v1/fill/w_996,h_996,al_c,q_85,usm_0.66_1.00_0.01/22e53e_924a086d18674cf281197d72d47207c1_mv2.jpg]
[static.wixstatic.com/media/22e53e_4a271c0887d34ec6be04a8f3c870b869_mv2.jpg/v1/fill/w_45,h_45,al_c,q_50,usm_0.66_1.00_0.01/22e53e_4a271c0887d34ec6be04a8f3c870b869_mv2.jpg]
[static.wixstatic.com/media/22e53e_924a086d18674cf281197d72d47207c1_mv2.jpg/v1/fill/w_45,h_45,al_c,q_50,usm_0.66_1.00_0.01/22e53e_924a086d18674cf281197d72d47207c1_mv2.jpg]
[khushinahata04.wixsite.com/fashion-blogger/product-page/i-m-a-product-10.html]
[static.wixstatic.com/media/22e53e_8adb0d7018b047e0a998acf987fd3fd6_mv2.jpg/v1/fill/w_996,h_996,al_c,q_85,usm_0.66_1.00_0.01/22e53e_8adb0d7018b047e0a998acf987fd3fd6_mv2.jpg]
[static.wixstatic.com/media/22e53e_4092f4f0f4d844afaed1cfde3069a6da_mv2.jpg/v1/fill/w_996,h_996,al_c,q_85,usm_0.66_1.00_0.01/22e53e_4092f4f0f4d844afaed1cfde3069a6da_mv2.jpg]
[static.wixstatic.com/media/22e53e_8adb0d7018b047e0a998acf987fd3fd6_mv2.jpg/v1/fill/w_45,h_45,al_c,q_50,usm_0.66_1.00_0.01/22e53e_8adb0d7018b047e0a998acf987fd3fd6_mv2.jpg]
[static.wixstatic.com/media/22e53e_4092f4f0f4d844afaed1cfde3069a6da_mv2.jpg/v1/fill/w_45,h_45,al_c,q_50,usm_0.66_1.00_0.01/22e53e_4092f4f0f4d844afaed1cfde3069a6da_mv2.jpg]
[khushinahata04.wixsite.com/fashion-blogger/product-page/i-m-a-product-11.html]
[khushinahata04.wixsite.com/fashion-blogger/category/robots.html]
[khushinahata04.wixsite.com/fashion-blogger/category/sitemap.html]
[khushinahata04.wixsite.com/fashion-blogger/category/feed.html]
[static.wixstatic.com/media/035244_516142e5fd21466aaf92b39e0883e66f_mv2.png/v1/crop/x_26,y_16,w_346,h_239/fill/w_339,h_235,al_c,q_85,usm_0.66_1.00_0.01,enc_au/035244_516142e5fd21466aaf92b39e0883e66f_mv2.9c.del]
[khushinahata04.wixsite.com/fashion-blogger/category/${n.html]
[khushinahata04.wixsite.com/fashion-blogger/category/decodeURIComponent(e.html]
[khushinahata04.wixsite.com/fashion-blogger/post/robots.html]
[khushinahata04.wixsite.com/fashion-blogger/post/sitemap.html]
[khushinahata04.wixsite.com/fashion-blogger/post/feed.html]
[khushinahata04.wixsite.com/fashion-blogger/category/${n-2.html]
[khushinahata04.wixsite.com/fashion-blogger/post/${n.html]
[khushinahata04.wixsite.com/fashion-blogger/post/decodeURIComponent(e.html]
[khushinahata04.wixsite.com/fashion-blogger/post/${n-2.html]
[khushinahata04.wixsite.com/fashion-blogger/blog/hashtags/sitemap.a0.delayed]
[khushinahata04.wixsite.com/fashion-blogger/blog/hashtags/robots.html]
[khushinahata04.wixsite.com/fashion-blogger/blog/hashtags/feed.a1.delayed]
[khushinahata04.wixsite.com/fashion-blogger/blog/hashtags/WhiteDressPerfection.html]
[khushinahata04.wixsite.com/fashion-blogger/blog/hashtags/VersatileElegance.html]
[khushinahata04.wixsite.com/fashion-blogger/blog/hashtags/EffortlessStyle.html]
[khushinahata04.wixsite.com/fashion-blogger/blog/hashtags/DressItUpOrDown.html]
[khushinahata04.wixsite.com/fashion-blogger/blog/hashtags/FashionFreedom.html]
[khushinahata04.wixsite.com/fashion-blogger/blog/hashtags/ChicSimplicity.html]
[khushinahata04.wixsite.com/fashion-blogger/blog/hashtags/StylishVersatility.html]
[khushinahata04.wixsite.com/fashion-blogger/blank.html]
[khushinahata04.wixsite.com/fashion-blogger/product-page/robots.html]
[khushinahata04.wixsite.com/fashion-blogger/product-page/sitemap.html]
[khushinahata04.wixsite.com/fashion-blogger/product-page/feed.html]
[khushinahata04.wixsite.com/fashion-blogger/blog/hashtags/decodeURIComponent(e.html]
[khushinahata04.wixsite.com/fashion-blogger/blog/hashtags/${n.html]
[khushinahata04.wixsite.com/fashion-blogger/product-page/${n.html]
[khushinahata04.wixsite.com/fashion-blogger/product-page/decodeURIComponent(e.html]
[khushinahata04.wixsite.com/fashion-blogger/category/${n-2.html]
[khushinahata04.wixsite.com/fashion-blogger/post/${n-2.html]
[khushinahata04.wixsite.com/fashion-blogger/blog/hashtags/robots.html]
[khushinahata04.wixsite.com/fashion-blogger/blog/hashtags/sitemap.html]
[khushinahata04.wixsite.com/fashion-blogger/blog/hashtags/feed.html]
[khushinahata04.wixsite.com/fashion-blogger/product-page/${n-2.html]
[khushinahata04.wixsite.com/fashion-blogger/blog/hashtags/${n.html]
[khushinahata04.wixsite.com/fashion-blogger/blog/hashtags/decodeURIComponent(e.html]
[khushinahata04.wixsite.com/fashion-blogger/product-page/${n-2.html]
[khushinahata04.wixsite.com/fashion-blogger/blog/hashtags/${n-2.html]
[khushinahata04.wixsite.com/fashion-blogger/blog/hashtags/${n-2.html]
